[0.006s] Invoking command in '/home/kouki/ros2_ws/src/irc_simulation/build/irc_simulation': CMAKE_PREFIX_PATH=${CMAKE_PREFIX_PATH}:/home/kouki/ros2_ws/install/intelligent_robot_contest:/home/kouki/ros2_ws/install/mypkg:/home/kouki/ros2_ws/install/ball_detector_pkg:/home/kouki/ros2_ws/install/IRC_ros2:/opt/ros/humble /usr/bin/cmake /home/kouki/ros2_ws/src/irc_simulation -DCMAKE_INSTALL_PREFIX=/home/kouki/ros2_ws/src/irc_simulation/install/irc_simulation
[0.143s] -- The C compiler identification is GNU 11.4.0
[0.213s] -- The CXX compiler identification is GNU 11.4.0
[0.221s] -- Detecting C compiler ABI info
[0.304s] -- Detecting C compiler ABI info - done
[0.314s] -- Check for working C compiler: /usr/bin/cc - skipped
[0.315s] -- Detecting C compile features
[0.316s] -- Detecting C compile features - done
[0.320s] -- Detecting CXX compiler ABI info
[0.408s] -- Detecting CXX compiler ABI info - done
[0.416s] -- Check for working CXX compiler: /usr/bin/c++ - skipped
[0.417s] -- Detecting CXX compile features
[0.417s] -- Detecting CXX compile features - done
[0.424s] -- Found ament_cmake: 1.3.12 (/opt/ros/humble/share/ament_cmake/cmake)
[0.553s] -- Found Python3: /usr/bin/python3 (found version "3.10.12") found components: Interpreter 
[0.623s] -- Found rclcpp: 16.0.15 (/opt/ros/humble/share/rclcpp/cmake)
[0.654s] -- Found rosidl_generator_c: 3.1.7 (/opt/ros/humble/share/rosidl_generator_c/cmake)
[0.658s] -- Found rosidl_adapter: 3.1.7 (/opt/ros/humble/share/rosidl_adapter/cmake)
[0.663s] -- Found rosidl_generator_cpp: 3.1.7 (/opt/ros/humble/share/rosidl_generator_cpp/cmake)
[0.672s] -- Using all available rosidl_typesupport_c: rosidl_typesupport_fastrtps_c;rosidl_typesupport_introspection_c
[0.685s] -- Using all available rosidl_typesupport_cpp: rosidl_typesupport_fastrtps_cpp;rosidl_typesupport_introspection_cpp
[0.716s] -- Found rmw_implementation_cmake: 6.1.2 (/opt/ros/humble/share/rmw_implementation_cmake/cmake)
[0.718s] -- Found rmw_fastrtps_cpp: 6.2.9 (/opt/ros/humble/share/rmw_fastrtps_cpp/cmake)
[0.806s] -- Found OpenSSL: /usr/lib/x86_64-linux-gnu/libcrypto.so (found version "3.0.2")  
[0.839s] -- Found FastRTPS: /opt/ros/humble/include  
[0.875s] -- Using RMW implementation 'rmw_fastrtps_cpp' as default
[0.882s] -- Looking for pthread.h
[0.975s] -- Looking for pthread.h - found
[0.976s] -- Performing Test CMAKE_HAVE_LIBC_PTHREAD
[1.055s] -- Performing Test CMAKE_HAVE_LIBC_PTHREAD - Success
[1.056s] -- Found Threads: TRUE  
[1.094s] -- Found ros_gz_sim: 0.244.20 (/opt/ros/humble/share/ros_gz_sim/cmake)
[1.096s] -- Found ros_gz_bridge: 0.244.20 (/opt/ros/humble/share/ros_gz_bridge/cmake)
[1.142s] -- Found Protobuf: /usr/lib/x86_64-linux-gnu/libprotobuf.so (found suitable version "3.12.4", minimum required is "3") 
[1.254s] -- Found Protobuf: /usr/lib/x86_64-linux-gnu/libprotobuf.so (found version "3.12.4") 
[1.564s] -- Found ament_lint_auto: 0.12.14 (/opt/ros/humble/share/ament_lint_auto/cmake)
[1.625s] -- Added test 'cppcheck' to perform static code analysis on C / C++ code
[1.625s] -- Configured cppcheck include dirs: 
[1.625s] -- Configured cppcheck exclude dirs and/or files: 
[1.626s] -- Added test 'flake8' to check Python code syntax and style conventions
[1.629s] -- Added test 'lint_cmake' to check CMake code style
[1.630s] -- Added test 'pep257' to check Python code against some of the docstring style conventions in PEP 257
[1.637s] -- Added test 'uncrustify' to check C / C++ code style
[1.637s] -- Configured uncrustify additional arguments: 
[1.638s] -- Added test 'xmllint' to check XML markup files
[1.639s] -- Configuring done
[1.645s] -- Generating done
[1.648s] -- Build files have been written to: /home/kouki/ros2_ws/src/irc_simulation/build/irc_simulation
[1.657s] Invoked command in '/home/kouki/ros2_ws/src/irc_simulation/build/irc_simulation' returned '0': CMAKE_PREFIX_PATH=${CMAKE_PREFIX_PATH}:/home/kouki/ros2_ws/install/intelligent_robot_contest:/home/kouki/ros2_ws/install/mypkg:/home/kouki/ros2_ws/install/ball_detector_pkg:/home/kouki/ros2_ws/install/IRC_ros2:/opt/ros/humble /usr/bin/cmake /home/kouki/ros2_ws/src/irc_simulation -DCMAKE_INSTALL_PREFIX=/home/kouki/ros2_ws/src/irc_simulation/install/irc_simulation
[1.660s] Invoking command in '/home/kouki/ros2_ws/src/irc_simulation/build/irc_simulation': CMAKE_PREFIX_PATH=${CMAKE_PREFIX_PATH}:/home/kouki/ros2_ws/install/intelligent_robot_contest:/home/kouki/ros2_ws/install/mypkg:/home/kouki/ros2_ws/install/ball_detector_pkg:/home/kouki/ros2_ws/install/IRC_ros2:/opt/ros/humble /usr/bin/cmake --build /home/kouki/ros2_ws/src/irc_simulation/build/irc_simulation -- -j16 -l16
[1.723s] [ 50%] [32mBuilding CXX object CMakeFiles/ball_chaser.dir/src/ball_chaser.cpp.o[0m
[6.903s] [100%] [32m[1mLinking CXX executable ball_chaser[0m
[7.156s] [100%] Built target ball_chaser
[7.165s] Invoked command in '/home/kouki/ros2_ws/src/irc_simulation/build/irc_simulation' returned '0': CMAKE_PREFIX_PATH=${CMAKE_PREFIX_PATH}:/home/kouki/ros2_ws/install/intelligent_robot_contest:/home/kouki/ros2_ws/install/mypkg:/home/kouki/ros2_ws/install/ball_detector_pkg:/home/kouki/ros2_ws/install/IRC_ros2:/opt/ros/humble /usr/bin/cmake --build /home/kouki/ros2_ws/src/irc_simulation/build/irc_simulation -- -j16 -l16
[7.179s] Invoking command in '/home/kouki/ros2_ws/src/irc_simulation/build/irc_simulation': CMAKE_PREFIX_PATH=${CMAKE_PREFIX_PATH}:/home/kouki/ros2_ws/install/intelligent_robot_contest:/home/kouki/ros2_ws/install/mypkg:/home/kouki/ros2_ws/install/ball_detector_pkg:/home/kouki/ros2_ws/install/IRC_ros2:/opt/ros/humble /usr/bin/cmake --install /home/kouki/ros2_ws/src/irc_simulation/build/irc_simulation
[7.190s] -- Install configuration: ""
[7.190s] -- Installing: /home/kouki/ros2_ws/src/irc_simulation/install/irc_simulation/lib/irc_simulation/ball_chaser
[7.194s] -- Set runtime path of "/home/kouki/ros2_ws/src/irc_simulation/install/irc_simulation/lib/irc_simulation/ball_chaser" to ""
[7.194s] -- Installing: /home/kouki/ros2_ws/src/irc_simulation/install/irc_simulation/lib/irc_simulation/ball_color_node.py
[7.194s] -- Installing: /home/kouki/ros2_ws/src/irc_simulation/install/irc_simulation/share/irc_simulation/launch
[7.194s] -- Installing: /home/kouki/ros2_ws/src/irc_simulation/install/irc_simulation/share/irc_simulation/launch/spawn_random_balls.launch.py
[7.194s] -- Installing: /home/kouki/ros2_ws/src/irc_simulation/install/irc_simulation/share/irc_simulation/launch/irc.launch.py
[7.194s] -- Installing: /home/kouki/ros2_ws/src/irc_simulation/install/irc_simulation/share/irc_simulation/worlds
[7.194s] -- Installing: /home/kouki/ros2_ws/src/irc_simulation/install/irc_simulation/share/irc_simulation/worlds/irc.world
[7.194s] -- Installing: /home/kouki/ros2_ws/src/irc_simulation/install/irc_simulation/share/irc_simulation/models
[7.194s] -- Installing: /home/kouki/ros2_ws/src/irc_simulation/install/irc_simulation/share/irc_simulation/models/robot
[7.194s] -- Installing: /home/kouki/ros2_ws/src/irc_simulation/install/irc_simulation/share/irc_simulation/models/robot/wheel.dae
[7.201s] -- Installing: /home/kouki/ros2_ws/src/irc_simulation/install/irc_simulation/share/irc_simulation/models/robot/robo.stl
[7.216s] -- Installing: /home/kouki/ros2_ws/src/irc_simulation/install/irc_simulation/share/irc_simulation/models/robot/wheels.stl
[7.218s] -- Installing: /home/kouki/ros2_ws/src/irc_simulation/install/irc_simulation/share/irc_simulation/models/robot/robot2.dae
[7.242s] -- Installing: /home/kouki/ros2_ws/src/irc_simulation/install/irc_simulation/share/irc_simulation/models/robot/model.config
[7.243s] -- Installing: /home/kouki/ros2_ws/src/irc_simulation/install/irc_simulation/share/irc_simulation/models/robot/wheel2.dae
[7.249s] -- Installing: /home/kouki/ros2_ws/src/irc_simulation/install/irc_simulation/share/irc_simulation/models/robot/robot2.stl
[7.263s] -- Installing: /home/kouki/ros2_ws/src/irc_simulation/install/irc_simulation/share/irc_simulation/models/robot/model.sdf
[7.264s] -- Installing: /home/kouki/ros2_ws/src/irc_simulation/install/irc_simulation/share/irc_simulation/models/robot/robo.dae
[7.291s] -- Installing: /home/kouki/ros2_ws/src/irc_simulation/install/irc_simulation/share/irc_simulation/models/robot/wheel.stl
[7.294s] -- Installing: /home/kouki/ros2_ws/src/irc_simulation/install/irc_simulation/share/irc_simulation/models/robot/wheels.dae
[7.299s] -- Installing: /home/kouki/ros2_ws/src/irc_simulation/install/irc_simulation/share/irc_simulation/models/robot/wheel2.stl
[7.301s] -- Installing: /home/kouki/ros2_ws/src/irc_simulation/install/irc_simulation/share/irc_simulation/models/irc_stage
[7.301s] -- Installing: /home/kouki/ros2_ws/src/irc_simulation/install/irc_simulation/share/irc_simulation/models/irc_stage/model.config
[7.302s] -- Installing: /home/kouki/ros2_ws/src/irc_simulation/install/irc_simulation/share/irc_simulation/models/irc_stage/model.sdf
[7.302s] -- Installing: /home/kouki/ros2_ws/src/irc_simulation/install/irc_simulation/share/irc_simulation/models/irc_stage/meshes
[7.302s] -- Installing: /home/kouki/ros2_ws/src/irc_simulation/install/irc_simulation/share/irc_simulation/models/irc_stage/meshes/irc_stage3.dae
[7.304s] -- Installing: /home/kouki/ros2_ws/src/irc_simulation/install/irc_simulation/share/irc_simulation/models/irc_stage/meshes/irc_stage3.stl
[7.306s] -- Installing: /home/kouki/ros2_ws/src/irc_simulation/install/irc_simulation/share/irc_simulation/models/irc_stage/meshes/irc_stage2.dae
[7.307s] -- Installing: /home/kouki/ros2_ws/src/irc_simulation/install/irc_simulation/share/irc_simulation/models/irc_stage/meshes/irc_stage.dae
[7.309s] -- Installing: /home/kouki/ros2_ws/src/irc_simulation/install/irc_simulation/share/irc_simulation/models/irc_stage/meshes/irc_stage4.stl
[7.310s] -- Installing: /home/kouki/ros2_ws/src/irc_simulation/install/irc_simulation/share/irc_simulation/models/irc_stage/meshes/irc_stage2.stl
[7.311s] -- Installing: /home/kouki/ros2_ws/src/irc_simulation/install/irc_simulation/share/irc_simulation/models/irc_stage/meshes/irc_stage.stl
[7.311s] -- Installing: /home/kouki/ros2_ws/src/irc_simulation/install/irc_simulation/share/irc_simulation/models/irc_stage/meshes/irc_stage4.dae
[7.313s] -- Installing: /home/kouki/ros2_ws/src/irc_simulation/install/irc_simulation/share/irc_simulation/models/ball_red
[7.313s] -- Installing: /home/kouki/ros2_ws/src/irc_simulation/install/irc_simulation/share/irc_simulation/models/ball_red/model.sdf
[7.313s] -- Installing: /home/kouki/ros2_ws/src/irc_simulation/install/irc_simulation/share/irc_simulation/models/ball_blue
[7.313s] -- Installing: /home/kouki/ros2_ws/src/irc_simulation/install/irc_simulation/share/irc_simulation/models/ball_blue/model.sdf
[7.314s] -- Installing: /home/kouki/ros2_ws/src/irc_simulation/install/irc_simulation/share/irc_simulation/models/ball_yellow
[7.314s] -- Installing: /home/kouki/ros2_ws/src/irc_simulation/install/irc_simulation/share/irc_simulation/models/ball_yellow/model.sdf
[7.314s] -- Installing: /home/kouki/ros2_ws/src/irc_simulation/install/irc_simulation/share/irc_simulation/config
[7.315s] -- Installing: /home/kouki/ros2_ws/src/irc_simulation/install/irc_simulation/share/irc_simulation/config/rviz.yaml
[7.315s] -- Installing: /home/kouki/ros2_ws/src/irc_simulation/install/irc_simulation/share/irc_simulation/weights
[7.315s] -- Installing: /home/kouki/ros2_ws/src/irc_simulation/install/irc_simulation/share/irc_simulation/weights/best.pt
[7.321s] -- Installing: /home/kouki/ros2_ws/src/irc_simulation/install/irc_simulation/share/ament_index/resource_index/package_run_dependencies/irc_simulation
[7.322s] -- Installing: /home/kouki/ros2_ws/src/irc_simulation/install/irc_simulation/share/ament_index/resource_index/parent_prefix_path/irc_simulation
[7.322s] -- Installing: /home/kouki/ros2_ws/src/irc_simulation/install/irc_simulation/share/irc_simulation/environment/ament_prefix_path.sh
[7.322s] -- Installing: /home/kouki/ros2_ws/src/irc_simulation/install/irc_simulation/share/irc_simulation/environment/ament_prefix_path.dsv
[7.322s] -- Installing: /home/kouki/ros2_ws/src/irc_simulation/install/irc_simulation/share/irc_simulation/environment/path.sh
[7.322s] -- Installing: /home/kouki/ros2_ws/src/irc_simulation/install/irc_simulation/share/irc_simulation/environment/path.dsv
[7.322s] -- Installing: /home/kouki/ros2_ws/src/irc_simulation/install/irc_simulation/share/irc_simulation/local_setup.bash
[7.322s] -- Installing: /home/kouki/ros2_ws/src/irc_simulation/install/irc_simulation/share/irc_simulation/local_setup.sh
[7.322s] -- Installing: /home/kouki/ros2_ws/src/irc_simulation/install/irc_simulation/share/irc_simulation/local_setup.zsh
[7.322s] -- Installing: /home/kouki/ros2_ws/src/irc_simulation/install/irc_simulation/share/irc_simulation/local_setup.dsv
[7.322s] -- Installing: /home/kouki/ros2_ws/src/irc_simulation/install/irc_simulation/share/irc_simulation/package.dsv
[7.322s] -- Installing: /home/kouki/ros2_ws/src/irc_simulation/install/irc_simulation/share/ament_index/resource_index/packages/irc_simulation
[7.323s] -- Installing: /home/kouki/ros2_ws/src/irc_simulation/install/irc_simulation/share/irc_simulation/cmake/irc_simulationConfig.cmake
[7.323s] -- Installing: /home/kouki/ros2_ws/src/irc_simulation/install/irc_simulation/share/irc_simulation/cmake/irc_simulationConfig-version.cmake
[7.323s] -- Installing: /home/kouki/ros2_ws/src/irc_simulation/install/irc_simulation/share/irc_simulation/package.xml
[7.325s] Invoked command in '/home/kouki/ros2_ws/src/irc_simulation/build/irc_simulation' returned '0': CMAKE_PREFIX_PATH=${CMAKE_PREFIX_PATH}:/home/kouki/ros2_ws/install/intelligent_robot_contest:/home/kouki/ros2_ws/install/mypkg:/home/kouki/ros2_ws/install/ball_detector_pkg:/home/kouki/ros2_ws/install/IRC_ros2:/opt/ros/humble /usr/bin/cmake --install /home/kouki/ros2_ws/src/irc_simulation/build/irc_simulation
